Using device 0: AMD Instinct MI300X ( SM940, 304 SMs, 196148 free / 196592 total MB physmem, 2662.400 GB/s @ 1300000 kHz mem clock, ECC off)
banff-cyxtera-s71-2:847483:847483 [0] NCCL INFO Bootstrap : Using ens14np0:10.7.78.252<0>
banff-cyxtera-s71-2:847483:847483 [0] NCCL INFO NET/Plugin : Plugin load (librccl-net.so) returned 2 : librccl-net.so: cannot open shared object file: No such file or directory
banff-cyxtera-s71-2:847483:847483 [0] NCCL INFO NET/Plugin : No plugin found, using internal implementation
banff-cyxtera-s71-2:847483:847483 [0] NCCL INFO Kernel version: 5.15.0-91-generic

banff-cyxtera-s71-2:847483:847483 [0] /long_pathname_so_that_rpms_can_package_the_debug_info/src/extlibs/rccl/build/hipify/src/init.cc:132 NCCL WARN Missing "iommu=pt" from kernel command line which can lead to system instablity or hang!
banff-cyxtera-s71-2:847483:847486 [0] NCCL INFO ROCr version 1.1
banff-cyxtera-s71-2:847483:847486 [0] NCCL INFO Dmabuf feature disabled without NCCL_ENABLE_DMABUF_SUPPORT=1
RCCL version 2.18.3+hip6.1 HEAD:f4858e1+
banff-cyxtera-s71-2:847483:847486 [0] NCCL INFO Setting hipLimitStackSize to 512 maxLocalSizeBytes 112

banff-cyxtera-s71-2:847483:847486 [0] /long_pathname_so_that_rpms_can_package_the_debug_info/src/extlibs/rccl/build/hipify/src/misc/ibvwrap.cc:94 NCCL WARN Call to ibv_open_device failed

banff-cyxtera-s71-2:847483:847486 [0] /long_pathname_so_that_rpms_can_package_the_debug_info/src/extlibs/rccl/build/hipify/src/transport/net_ib.cc:200 NCCL WARN NET/IB : Unable to open device mlx5_0

banff-cyxtera-s71-2:847483:847486 [0] /long_pathname_so_that_rpms_can_package_the_debug_info/src/extlibs/rccl/build/hipify/src/misc/ibvwrap.cc:94 NCCL WARN Call to ibv_open_device failed

banff-cyxtera-s71-2:847483:847486 [0] /long_pathname_so_that_rpms_can_package_the_debug_info/src/extlibs/rccl/build/hipify/src/transport/net_ib.cc:200 NCCL WARN NET/IB : Unable to open device mlx5_1

banff-cyxtera-s71-2:847483:847486 [0] /long_pathname_so_that_rpms_can_package_the_debug_info/src/extlibs/rccl/build/hipify/src/misc/ibvwrap.cc:94 NCCL WARN Call to ibv_open_device failed

banff-cyxtera-s71-2:847483:847486 [0] /long_pathname_so_that_rpms_can_package_the_debug_info/src/extlibs/rccl/build/hipify/src/transport/net_ib.cc:200 NCCL WARN NET/IB : Unable to open device mlx5_2

banff-cyxtera-s71-2:847483:847486 [0] /long_pathname_so_that_rpms_can_package_the_debug_info/src/extlibs/rccl/build/hipify/src/misc/ibvwrap.cc:94 NCCL WARN Call to ibv_open_device failed

banff-cyxtera-s71-2:847483:847486 [0] /long_pathname_so_that_rpms_can_package_the_debug_info/src/extlibs/rccl/build/hipify/src/transport/net_ib.cc:200 NCCL WARN NET/IB : Unable to open device mlx5_3

banff-cyxtera-s71-2:847483:847486 [0] /long_pathname_so_that_rpms_can_package_the_debug_info/src/extlibs/rccl/build/hipify/src/misc/ibvwrap.cc:94 NCCL WARN Call to ibv_open_device failed

banff-cyxtera-s71-2:847483:847486 [0] /long_pathname_so_that_rpms_can_package_the_debug_info/src/extlibs/rccl/build/hipify/src/transport/net_ib.cc:200 NCCL WARN NET/IB : Unable to open device mlx5_4

banff-cyxtera-s71-2:847483:847486 [0] /long_pathname_so_that_rpms_can_package_the_debug_info/src/extlibs/rccl/build/hipify/src/misc/ibvwrap.cc:94 NCCL WARN Call to ibv_open_device failed

banff-cyxtera-s71-2:847483:847486 [0] /long_pathname_so_that_rpms_can_package_the_debug_info/src/extlibs/rccl/build/hipify/src/transport/net_ib.cc:200 NCCL WARN NET/IB : Unable to open device mlx5_5

banff-cyxtera-s71-2:847483:847486 [0] /long_pathname_so_that_rpms_can_package_the_debug_info/src/extlibs/rccl/build/hipify/src/misc/ibvwrap.cc:94 NCCL WARN Call to ibv_open_device failed

banff-cyxtera-s71-2:847483:847486 [0] /long_pathname_so_that_rpms_can_package_the_debug_info/src/extlibs/rccl/build/hipify/src/transport/net_ib.cc:200 NCCL WARN NET/IB : Unable to open device mlx5_6

banff-cyxtera-s71-2:847483:847486 [0] /long_pathname_so_that_rpms_can_package_the_debug_info/src/extlibs/rccl/build/hipify/src/misc/ibvwrap.cc:94 NCCL WARN Call to ibv_open_device failed

banff-cyxtera-s71-2:847483:847486 [0] /long_pathname_so_that_rpms_can_package_the_debug_info/src/extlibs/rccl/build/hipify/src/transport/net_ib.cc:200 NCCL WARN NET/IB : Unable to open device mlx5_7

banff-cyxtera-s71-2:847483:847486 [0] /long_pathname_so_that_rpms_can_package_the_debug_info/src/extlibs/rccl/build/hipify/src/misc/ibvwrap.cc:94 NCCL WARN Call to ibv_open_device failed

banff-cyxtera-s71-2:847483:847486 [0] /long_pathname_so_that_rpms_can_package_the_debug_info/src/extlibs/rccl/build/hipify/src/transport/net_ib.cc:200 NCCL WARN NET/IB : Unable to open device mlx5_8
banff-cyxtera-s71-2:847483:847486 [0] NCCL INFO NET/IB : No device found.
banff-cyxtera-s71-2:847483:847486 [0] NCCL INFO NET/Socket : Using [0]ens14np0:10.7.78.252<0> [1]veth8789042:fe80::68eb:bff:fe17:4994%veth8789042<0>
banff-cyxtera-s71-2:847483:847486 [0] NCCL INFO Using network Socket
banff-cyxtera-s71-2:847483:847489 [3] NCCL INFO Setting hipLimitStackSize to 512 maxLocalSizeBytes 112
banff-cyxtera-s71-2:847483:847489 [3] NCCL INFO Using network Socket
banff-cyxtera-s71-2:847483:847491 [5] NCCL INFO Setting hipLimitStackSize to 512 maxLocalSizeBytes 112
banff-cyxtera-s71-2:847483:847491 [5] NCCL INFO Using network Socket
banff-cyxtera-s71-2:847483:847487 [1] NCCL INFO Setting hipLimitStackSize to 512 maxLocalSizeBytes 112
banff-cyxtera-s71-2:847483:847487 [1] NCCL INFO Using network Socket
banff-cyxtera-s71-2:847483:847493 [7] NCCL INFO Setting hipLimitStackSize to 512 maxLocalSizeBytes 112
banff-cyxtera-s71-2:847483:847493 [7] NCCL INFO Using network Socket
banff-cyxtera-s71-2:847483:847490 [4] NCCL INFO Setting hipLimitStackSize to 512 maxLocalSizeBytes 112
banff-cyxtera-s71-2:847483:847490 [4] NCCL INFO Using network Socket
banff-cyxtera-s71-2:847483:847492 [6] NCCL INFO Setting hipLimitStackSize to 512 maxLocalSizeBytes 112
banff-cyxtera-s71-2:847483:847492 [6] NCCL INFO Using network Socket
banff-cyxtera-s71-2:847483:847488 [2] NCCL INFO Setting hipLimitStackSize to 512 maxLocalSizeBytes 112
banff-cyxtera-s71-2:847483:847488 [2] NCCL INFO Using network Socket
banff-cyxtera-s71-2:847483:847493 [7] NCCL INFO comm 0x7faf703ebe20 rank 7 nranks 8 cudaDev 7 busId d2000 commId 0xef6bfcb0ea7c17af - Init START
banff-cyxtera-s71-2:847483:847492 [6] NCCL INFO comm 0x7faf6c32d3c0 rank 6 nranks 8 cudaDev 6 busId bb000 commId 0xef6bfcb0ea7c17af - Init START
banff-cyxtera-s71-2:847483:847488 [2] NCCL INFO comm 0x7faf80463900 rank 2 nranks 8 cudaDev 2 busId 2f000 commId 0xef6bfcb0ea7c17af - Init START
banff-cyxtera-s71-2:847483:847486 [0] NCCL INFO comm 0x7fafd05c0430 rank 0 nranks 8 cudaDev 0 busId 13000 commId 0xef6bfcb0ea7c17af - Init START
banff-cyxtera-s71-2:847483:847487 [1] NCCL INFO comm 0x7faf783f9330 rank 1 nranks 8 cudaDev 1 busId 21000 commId 0xef6bfcb0ea7c17af - Init START
banff-cyxtera-s71-2:847483:847491 [5] NCCL INFO comm 0x7faf684ec810 rank 5 nranks 8 cudaDev 5 busId ae000 commId 0xef6bfcb0ea7c17af - Init START
banff-cyxtera-s71-2:847483:847490 [4] NCCL INFO comm 0x7faf7c463900 rank 4 nranks 8 cudaDev 4 busId a1000 commId 0xef6bfcb0ea7c17af - Init START
banff-cyxtera-s71-2:847483:847489 [3] NCCL INFO comm 0x7fafa84c5150 rank 3 nranks 8 cudaDev 3 busId 50000 commId 0xef6bfcb0ea7c17af - Init START
banff-cyxtera-s71-2:847483:847491 [5] NCCL INFO rocm_smi_lib: version 7.0.0.0
banff-cyxtera-s71-2:847483:847492 [6] NCCL INFO rocm_smi_lib: version 7.0.0.0
banff-cyxtera-s71-2:847483:847493 [7] NCCL INFO rocm_smi_lib: version 7.0.0.0
banff-cyxtera-s71-2:847483:847488 [2] NCCL INFO rocm_smi_lib: version 7.0.0.0
banff-cyxtera-s71-2:847483:847486 [0] NCCL INFO rocm_smi_lib: version 7.0.0.0
banff-cyxtera-s71-2:847483:847489 [3] NCCL INFO rocm_smi_lib: version 7.0.0.0
banff-cyxtera-s71-2:847483:847487 [1] NCCL INFO rocm_smi_lib: version 7.0.0.0
banff-cyxtera-s71-2:847483:847490 [4] NCCL INFO rocm_smi_lib: version 7.0.0.0
banff-cyxtera-s71-2:847483:847491 [5] NCCL INFO Setting affinity for GPU 5 to ffffffff,ffffff00,00000000,0000ffff,ffffffff,ff000000,00000000
banff-cyxtera-s71-2:847483:847493 [7] NCCL INFO Setting affinity for GPU 7 to ffffffff,ffffff00,00000000,0000ffff,ffffffff,ff000000,00000000
banff-cyxtera-s71-2:847483:847492 [6] NCCL INFO Setting affinity for GPU 6 to ffffffff,ffffff00,00000000,0000ffff,ffffffff,ff000000,00000000
banff-cyxtera-s71-2:847483:847488 [2] NCCL INFO Setting affinity for GPU 2 to ff,ffffffff,ffff0000,00000000,00ffffff,ffffffff
banff-cyxtera-s71-2:847483:847489 [3] NCCL INFO Setting affinity for GPU 3 to ff,ffffffff,ffff0000,00000000,00ffffff,ffffffff
banff-cyxtera-s71-2:847483:847486 [0] NCCL INFO Setting affinity for GPU 0 to ff,ffffffff,ffff0000,00000000,00ffffff,ffffffff
banff-cyxtera-s71-2:847483:847487 [1] NCCL INFO Setting affinity for GPU 1 to ff,ffffffff,ffff0000,00000000,00ffffff,ffffffff
banff-cyxtera-s71-2:847483:847490 [4] NCCL INFO Setting affinity for GPU 4 to ffffffff,ffffff00,00000000,0000ffff,ffffffff,ff000000,00000000
banff-cyxtera-s71-2:847483:847489 [3] NCCL INFO Trees [0] 4/-1/-1->3->2 [1] 4/-1/-1->3->2 [2] 6/-1/-1->3->1 [3] 5/-1/-1->3->7 [4] 1/-1/-1->3->0 [5] 5/-1/-1->3->0 [6] 6/-1/-1->3->7 [7] 2/-1/-1->3->4 [8] 2/-1/-1->3->4 [9] 1/-1/-1->3->6 [10] 7/-1/-1->3->5 [11] 0/-1/-1->3->1 [12] 0/-1/-1->3->5 [13] 7/-1/-1->3->6 [14] 4/-1/-1->3->2 [15] 4/-1/-1->3->2 [16] 6/-1/-1->3->1 [17] 5/-1/-1->3->7 [18] 1/-1/-1->3->0 [19] 5/-1/-1->3->0 [20] 6/-1/-1->3->7 [21] 2/-1/-1->3->4 [22] 2/-1/-1->3->4 [23] 1/-1/-1->3->6 [24] 7/-1/-1->3->5 [25] 0/-1/-1->3->1 [26] 0/-1/-1->3->5 [27] 7/-1/-1->3->6 [28] 4/-1/-1->3->2 [29] 4/-1/-1->3->2 [30] 6/-1/-1->3->1 [31] 5/-1/-1->3->7 [32] 1/-1/-1->3->0 [33] 5/-1/-1->3->0 [34] 6/-1/-1->3->7 [35] 2/-1/-1->3->4 [36] 2/-1/-1->3->4 [37] 1/-1/-1->3->6 [38] 7/-1/-1->3->5 [39] 0/-1/-1->3->1 [40] 0/-1/-1->3->5 [41] 7/-1/-1->3->6 [42] 4/-1/-1->3->2 [43] 4/-1/-1->3->2 [44] 6/-1/-1->3->1 [45] 5/-1/-1->3->7 [46] 1/-1/-1->3->0 [47] 5/-1/-1->3->0 [48] 6/-1/-1->3->7 [49] 2/-1/-1->3->4 [50] 2/-1/-1->3->4 [51] 1/-1/        PQL¨¯                ìÉóï  8       PQL¨¯  M ð  PQL¨¯                    
banff-cyxtera-s71-2:847483:847489 [3] NCCL INFO P2P Chunksize set to 524288
banff-cyxtera-s71-2:847483:847486 [0] NCCL INFO Channel 00/56 :    0   1   2   3   4   5   6   7
banff-cyxtera-s71-2:847483:847486 [0] NCCL INFO Channel 01/56 :    0   1   2   3   4   5   7   6
banff-cyxtera-s71-2:847483:847486 [0] NCCL INFO Channel 02/56 :    0   2   4   1   3   6   5   7
banff-cyxtera-s71-2:847483:847486 [0] NCCL INFO Channel 03/56 :    0   2   4   6   1   7   3   5
banff-cyxtera-s71-2:847483:847486 [0] NCCL INFO Channel 04/56 :    0   3   1   5   2   7   4   6
banff-cyxtera-s71-2:847483:847486 [0] NCCL INFO Channel 05/56 :    0   3   5   1   6   2   7   4
banff-cyxtera-s71-2:847483:847486 [0] NCCL INFO Channel 06/56 :    0   4   1   7   3   6   2   5
banff-cyxtera-s71-2:847483:847486 [0] NCCL INFO Channel 07/56 :    0   7   6   5   4   3   2   1
banff-cyxtera-s71-2:847483:847491 [5] NCCL INFO Trees [0] 6/-1/-1->5->4 [1] 7/-1/-1->5->4 [2] 7/-1/-1->5->6 [3] -1/-1/-1->5->3 [4] 2/-1/-1->5->1 [5] 1/-1/-1->5->3 [6] -1/-1/-1->5->2 [7] 4/-1/-1->5->6 [8] 4/-1/-1->5->7 [9] 6/-1/-1->5->7 [10] 3/-1/-1->5->-1 [11] 1/-1/-1->5->2 [12] 3/-1/-1->5->1 [13] 2/-1/-1->5->-1 [14] 6/-1/-1->5->4 [15] 7/-1/-1->5->4 [16] 7/-1/-1->5->6 [17] -1/-1/-1->5->3 [18] 2/-1/-1->5->1 [19] 1/-1/-1->5->3 [20] -1/-1/-1->5->2 [21] 4/-1/-1->5->6 [22] 4/-1/-1->5->7 [23] 6/-1/-1->5->7 [24] 3/-1/-1->5->-1 [25] 1/-1/-1->5->2 [26] 3/-1/-1->5->1 [27] 2/-1/-1->5->-1 [28] 6/-1/-1->5->4 [29] 7/-1/-1->5->4 [30] 7/-1/-1->5->6 [31] -1/-1/-1->5->3 [32] 2/-1/-1->5->1 [33] 1/-1/-1->5->3 [34] -1/-1/-1->5->2 [35] 4/-1/-1->5->6 [36] 4/-1/-1->5->7 [37] 6/-1/-1->5->7 [38] 3/-1/-1->5->-1 [39] 1/-1/-1->5->2 [40] 3/-1/-1->5->1 [41] 2/-1/-1->5->-1 [42] 6/-1/-1->5->4 [43] 7/-1/-1->5->4 [44] 7/-1/-1->5->6 [45] -1/-1/-1->5->3 [46] 2/-1/-1->5->1 [47] 1/-1/-1->5->3 [48] -1/-1/-1->5->2 [49] 4/-1/-1->5->6 [50] 4/-1/-1->5        ÈNh¯                ìÉóï  8       ÈNh¯  M ð  ÈNh¯          à
      à
  
banff-cyxtera-s71-2:847483:847486 [0] NCCL INFO Channel 08/56 :    0   6   7   5   4   3   2   1
banff-cyxtera-s71-2:847483:847486 [0] NCCL INFO Channel 09/56 :    0   7   5   6   3   1   4   2
banff-cyxtera-s71-2:847483:847486 [0] NCCL INFO Channel 10/56 :    0   5   3   7   1   6   4   2
banff-cyxtera-s71-2:847483:847486 [0] NCCL INFO Channel 11/56 :    0   6   4   7   2   5   1   3
banff-cyxtera-s71-2:847483:847491 [5] NCCL INFO P2P Chunksize set to 524288
banff-cyxtera-s71-2:847483:847486 [0] NCCL INFO Channel 12/56 :    0   4   7   2   6   1   5   3
banff-cyxtera-s71-2:847483:847486 [0] NCCL INFO Channel 13/56 :    0   5   2   6   3   7   1   4
banff-cyxtera-s71-2:847483:847493 [7] NCCL INFO Trees [0] -1/-1/-1->7->6 [1] 6/-1/-1->7->5 [2] -1/-1/-1->7->5 [3] 3/-1/-1->7->1 [4] 4/-1/-1->7->2 [5] 4/-1/-1->7->2 [6] 3/-1/-1->7->1 [7] 6/-1/-1->7->-1 [8] 5/-1/-1->7->6 [9] 5/-1/-1->7->-1 [10] 1/-1/-1->7->3 [11] 2/-1/-1->7->4 [12] 2/-1/-1->7->4 [13] 1/-1/-1->7->3 [14] -1/-1/-1->7->6 [15] 6/-1/-1->7->5 [16] -1/-1/-1->7->5 [17] 3/-1/-1->7->1 [18] 4/-1/-1->7->2 [19] 4/-1/-1->7->2 [20] 3/-1/-1->7->1 [21] 6/-1/-1->7->-1 [22] 5/-1/-1->7->6 [23] 5/-1/-1->7->-1 [24] 1/-1/-1->7->3 [25] 2/-1/-1->7->4 [26] 2/-1/-1->7->4 [27] 1/-1/-1->7->3 [28] -1/-1/-1->7->6 [29] 6/-1/-1->7->5 [30] -1/-1/-1->7->5 [31] 3/-1/-1->7->1 [32] 4/-1/-1->7->2 [33] 4/-1/-1->7->2 [34] 3/-1/-1->7->1 [35] 6/-1/-1->7->-1 [36] 5/-1/-1->7->6 [37] 5/-1/-1->7->-1 [38] 1/-1/-1->7->3 [39] 2/-1/-1->7->4 [40] 2/-1/-1->7->4 [41] 1/-1/-1->7->3 [42] -1/-1/-1->7->6 [43] 6/-1/-1->7->5 [44] -1/-1/-1->7->5 [45] 3/-1/-1->7->1 [46] 4/-1/-1->7->2 [47] 4/-1/-1->7->2 [48] 3/-1/-1->7->1 [49] 6/-1/-1->7->-1 [50] 5/-1/-1->         ¾>p¯                ìÉóï  8        ¾>p¯  M ð   ¾>p¯                    
banff-cyxtera-s71-2:847483:847493 [7] NCCL INFO P2P Chunksize set to 524288
banff-cyxtera-s71-2:847483:847492 [6] NCCL INFO Trees [0] 7/-1/-1->6->5 [1] -1/-1/-1->6->7 [2] 5/-1/-1->6->3 [3] 1/-1/-1->6->4 [4] -1/-1/-1->6->4 [5] 2/-1/-1->6->1 [6] 2/-1/-1->6->3 [7] 5/-1/-1->6->7 [8] 7/-1/-1->6->-1 [9] 3/-1/-1->6->5 [10] 4/-1/-1->6->1 [11] 4/-1/-1->6->-1 [12] 1/-1/-1->6->2 [13] 3/-1/-1->6->2 [14] 7/-1/-1->6->5 [15] -1/-1/-1->6->7 [16] 5/-1/-1->6->3 [17] 1/-1/-1->6->4 [18] -1/-1/-1->6->4 [19] 2/-1/-1->6->1 [20] 2/-1/-1->6->3 [21] 5/-1/-1->6->7 [22] 7/-1/-1->6->-1 [23] 3/-1/-1->6->5 [24] 4/-1/-1->6->1 [25] 4/-1/-1->6->-1 [26] 1/-1/-1->6->2 [27] 3/-1/-1->6->2 [28] 7/-1/-1->6->5 [29] -1/-1/-1->6->7 [30] 5/-1/-1->6->3 [31] 1/-1/-1->6->4 [32] -1/-1/-1->6->4 [33] 2/-1/-1->6->1 [34] 2/-1/-1->6->3 [35] 5/-1/-1->6->7 [36] 7/-1/-1->6->-1 [37] 3/-1/-1->6->5 [38] 4/-1/-1->6->1 [39] 4/-1/-1->6->-1 [40] 1/-1/-1->6->2 [41] 3/-1/-1->6->2 [42] 7/-1/-1->6->5 [43] -1/-1/-1->6->7 [44] 5/-1/-1->6->3 [45] 1/-1/-1->6->4 [46] -1/-1/-1->6->4 [47] 2/-1/-1->6->1 [48] 2/-1/-1->6->3 [49] 5/-1/-1->6->7 [50] 7/-1/-1->6        ÀÓ2l¯                ìÉóï  8       ÀÓ2l¯  M ð  ÀÓ2l¯          °      °  
banff-cyxtera-s71-2:847483:847492 [6] NCCL INFO P2P Chunksize set to 524288
banff-cyxtera-s71-2:847483:847490 [4] NCCL INFO Trees [0] 5/-1/-1->4->3 [1] 5/-1/-1->4->3 [2] 1/-1/-1->4->2 [3] 6/-1/-1->4->2 [4] 6/-1/-1->4->7 [5] -1/-1/-1->4->7 [6] 1/-1/-1->4->0 [7] 3/-1/-1->4->5 [8] 3/-1/-1->4->5 [9] 2/-1/-1->4->1 [10] 2/-1/-1->4->6 [11] 7/-1/-1->4->6 [12] 7/-1/-1->4->-1 [13] 0/-1/-1->4->1 [14] 5/-1/-1->4->3 [15] 5/-1/-1->4->3 [16] 1/-1/-1->4->2 [17] 6/-1/-1->4->2 [18] 6/-1/-1->4->7 [19] -1/-1/-1->4->7 [20] 1/-1/-1->4->0 [21] 3/-1/-1->4->5 [22] 3/-1/-1->4->5 [23] 2/-1/-1->4->1 [24] 2/-1/-1->4->6 [25] 7/-1/-1->4->6 [26] 7/-1/-1->4->-1 [27] 0/-1/-1->4->1 [28] 5/-1/-1->4->3 [29] 5/-1/-1->4->3 [30] 1/-1/-1->4->2 [31] 6/-1/-1->4->2 [32] 6/-1/-1->4->7 [33] -1/-1/-1->4->7 [34] 1/-1/-1->4->0 [35] 3/-1/-1->4->5 [36] 3/-1/-1->4->5 [37] 2/-1/-1->4->1 [38] 2/-1/-1->4->6 [39] 7/-1/-1->4->6 [40] 7/-1/-1->4->-1 [41] 0/-1/-1->4->1 [42] 5/-1/-1->4->3 [43] 5/-1/-1->4->3 [44] 1/-1/-1->4->2 [45] 6/-1/-1->4->2 [46] 6/-1/-1->4->7 [47] -1/-1/-1->4->7 [48] 1/-1/-1->4->0 [49] 3/-1/-1->4->5 [50] 3/-1/-1->4->5 [51         9F|¯                ìÉóï  8        9F|¯  M ð   9F|¯          
      
  
banff-cyxtera-s71-2:847483:847490 [4] NCCL INFO P2P Chunksize set to 524288
banff-cyxtera-s71-2:847483:847486 [0] NCCL INFO Channel 14/56 :    0   1   2   3   4   5   6   7
banff-cyxtera-s71-2:847483:847487 [1] NCCL INFO Trees [0] 2/-1/-1->1->0 [1] 2/-1/-1->1->0 [2] 3/-1/-1->1->4 [3] 7/-1/-1->1->6 [4] 5/-1/-1->1->3 [5] 6/-1/-1->1->5 [6] 7/-1/-1->1->4 [7] 0/-1/-1->1->2 [8] 0/-1/-1->1->2 [9] 4/-1/-1->1->3 [10] 6/-1/-1->1->7 [11] 3/-1/-1->1->5 [12] 5/-1/-1->1->6 [13] 4/-1/-1->1->7 [14] 2/-1/-1->1->0 [15] 2/-1/-1->1->0 [16] 3/-1/-1->1->4 [17] 7/-1/-1->1->6 [18] 5/-1/-1->1->3 [19] 6/-1/-1->1->5 [20] 7/-1/-1->1->4 [21] 0/-1/-1->1->2 [22] 0/-1/-1->1->2 [23] 4/-1/-1->1->3 [24] 6/-1/-1->1->7 [25] 3/-1/-1->1->5 [26] 5/-1/-1->1->6 [27] 4/-1/-1->1->7 [28] 2/-1/-1->1->0 [29] 2/-1/-1->1->0 [30] 3/-1/-1->1->4 [31] 7/-1/-1->1->6 [32] 5/-1/-1->1->3 [33] 6/-1/-1->1->5 [34] 7/-1/-1->1->4 [35] 0/-1/-1->1->2 [36] 0/-1/-1->1->2 [37] 4/-1/-1->1->3 [38] 6/-1/-1->1->7 [39] 3/-1/-1->1->5 [40] 5/-1/-1->1->6 [41] 4/-1/-1->1->7 [42] 2/-1/-1->1->0 [43] 2/-1/-1->1->0 [44] 3/-1/-1->1->4 [45] 7/-1/-1->1->6 [46] 5/-1/-1->1->3 [47] 6/-1/-1->1->5 [48] 7/-1/-1->1->4 [49] 0/-1/-1->1->2 [50] 0/-1/-1->1->2 [51] 4/-1/        0“?x¯                ìÉóï  8       0“?x¯  M ð  0“?x¯                  
banff-cyxtera-s71-2:847483:847487 [1] NCCL INFO P2P Chunksize set to 524288
banff-cyxtera-s71-2:847483:847488 [2] NCCL INFO Trees [0] 3/-1/-1->2->1 [1] 3/-1/-1->2->1 [2] 4/-1/-1->2->0 [3] 4/-1/-1->2->0 [4] 7/-1/-1->2->5 [5] 7/-1/-1->2->6 [6] 5/-1/-1->2->6 [7] 1/-1/-1->2->3 [8] 1/-1/-1->2->3 [9] 0/-1/-1->2->4 [10] 0/-1/-1->2->4 [11] 5/-1/-1->2->7 [12] 6/-1/-1->2->7 [13] 6/-1/-1->2->5 [14] 3/-1/-1->2->1 [15] 3/-1/-1->2->1 [16] 4/-1/-1->2->0 [17] 4/-1/-1->2->0 [18] 7/-1/-1->2->5 [19] 7/-1/-1->2->6 [20] 5/-1/-1->2->6 [21] 1/-1/-1->2->3 [22] 1/-1/-1->2->3 [23] 0/-1/-1->2->4 [24] 0/-1/-1->2->4 [25] 5/-1/-1->2->7 [26] 6/-1/-1->2->7 [27] 6/-1/-1->2->5 [28] 3/-1/-1->2->1 [29] 3/-1/-1->2->1 [30] 4/-1/-1->2->0 [31] 4/-1/-1->2->0 [32] 7/-1/-1->2->5 [33] 7/-1/-1->2->6 [34] 5/-1/-1->2->6 [35] 1/-1/-1->2->3 [36] 1/-1/-1->2->3 [37] 0/-1/-1->2->4 [38] 0/-1/-1->2->4 [39] 5/-1/-1->2->7 [40] 6/-1/-1->2->7 [41] 6/-1/-1->2->5 [42] 3/-1/-1->2->1 [43] 3/-1/-1->2->1 [44] 4/-1/-1->2->0 [45] 4/-1/-1->2->0 [46] 7/-1/-1->2->5 [47] 7/-1/-1->2->6 [48] 5/-1/-1->2->6 [49] 1/-1/-1->2->3 [50] 1/-1/-1->2->3 [51] 0/-1/         9F€¯                ìÉóï  8        9F€¯  M ð   9F€¯          ð      ð  
banff-cyxtera-s71-2:847483:847488 [2] NCCL INFO P2P Chunksize set to 524288
banff-cyxtera-s71-2:847483:847486 [0] NCCL INFO Channel 15/56 :    0   1   2   3   4   5   7   6
banff-cyxtera-s71-2:847483:847486 [0] NCCL INFO Channel 16/56 :    0   2   4   1   3   6   5   7
banff-cyxtera-s71-2:847483:847486 [0] NCCL INFO Channel 17/56 :    0   2   4   6   1   7   3   5
banff-cyxtera-s71-2:847483:847486 [0] NCCL INFO Channel 18/56 :    0   3   1   5   2   7   4   6
banff-cyxtera-s71-2:847483:847486 [0] NCCL INFO Channel 19/56 :    0   3   5   1   6   2   7   4
banff-cyxtera-s71-2:847483:847486 [0] NCCL INFO Channel 20/56 :    0   4   1   7   3   6   2   5
banff-cyxtera-s71-2:847483:847486 [0] NCCL INFO Channel 21/56 :    0   7   6   5   4   3   2   1
banff-cyxtera-s71-2:847483:847486 [0] NCCL INFO Channel 22/56 :    0   6   7   5   4   3   2   1
banff-cyxtera-s71-2:847483:847486 [0] NCCL INFO Channel 23/56 :    0   7   5   6   3   1   4   2
banff-cyxtera-s71-2:847483:847486 [0] NCCL INFO Channel 24/56 :    0   5   3   7   1   6   4   2
banff-cyxtera-s71-2:847483:847486 [0] NCCL INFO Channel 25/56 :    0   6   4   7   2   5   1   3
banff-cyxtera-s71-2:847483:847486 [0] NCCL INFO Channel 26/56 :    0   4   7   2   6   1   5   3
banff-cyxtera-s71-2:847483:847486 [0] NCCL INFO Channel 27/56 :    0   5   2   6   3   7   1   4
banff-cyxtera-s71-2:847483:847486 [0] NCCL INFO Channel 28/56 :    0   1   2   3   4   5   6   7
banff-cyxtera-s71-2:847483:847486 [0] NCCL INFO Channel 29/56 :    0   1   2   3   4   5   7   6
banff-cyxtera-s71-2:847483:847486 [0] NCCL INFO Channel 30/56 :    0   2   4   1   3   6   5   7
banff-cyxtera-s71-2:847483:847486 [0] NCCL INFO Channel 31/56 :    0   2   4   6   1   7   3   5
banff-cyxtera-s71-2:847483:847486 [0] NCCL INFO Channel 32/56 :    0   3   1   5   2   7   4   6
banff-cyxtera-s71-2:847483:847486 [0] NCCL INFO Channel 33/56 :    0   3   5   1   6   2   7   4
banff-cyxtera-s71-2:847483:847486 [0] NCCL INFO Channel 34/56 :    0   4   1   7   3   6   2   5
banff-cyxtera-s71-2:847483:847486 [0] NCCL INFO Channel 35/56 :    0   7   6   5   4   3   2   1
banff-cyxtera-s71-2:847483:847486 [0] NCCL INFO Channel 36/56 :    0   6   7   5   4   3   2   1
banff-cyxtera-s71-2:847483:847486 [0] NCCL INFO Channel 37/56 :    0   7   5   6   3   1   4   2
banff-cyxtera-s71-2:847483:847486 [0] NCCL INFO Channel 38/56 :    0   5   3   7   1   6   4   2
banff-cyxtera-s71-2:847483:847486 [0] NCCL INFO Channel 39/56 :    0   6   4   7   2   5   1   3
banff-cyxtera-s71-2:847483:847486 [0] NCCL INFO Channel 40/56 :    0   4   7   2   6   1   5   3
banff-cyxtera-s71-2:847483:847486 [0] NCCL INFO Channel 41/56 :    0   5   2   6   3   7   1   4
banff-cyxtera-s71-2:847483:847486 [0] NCCL INFO Channel 42/56 :    0   1   2   3   4   5   6   7
banff-cyxtera-s71-2:847483:847486 [0] NCCL INFO Channel 43/56 :    0   1   2   3   4   5   7   6
banff-cyxtera-s71-2:847483:847486 [0] NCCL INFO Channel 44/56 :    0   2   4   1   3   6   5   7
banff-cyxtera-s71-2:847483:847486 [0] NCCL INFO Channel 45/56 :    0   2   4   6   1   7   3   5
banff-cyxtera-s71-2:847483:847486 [0] NCCL INFO Channel 46/56 :    0   3   1   5   2   7   4   6
banff-cyxtera-s71-2:847483:847486 [0] NCCL INFO Channel 47/56 :    0   3   5   1   6   2   7   4
banff-cyxtera-s71-2:847483:847486 [0] NCCL INFO Channel 48/56 :    0   4   1   7   3   6   2   5
banff-cyxtera-s71-2:847483:847486 [0] NCCL INFO Channel 49/56 :    0   7   6   5   4   3   2   1
banff-cyxtera-s71-2:847483:847486 [0] NCCL INFO Channel 50/56 :    0   6   7   5   4   3   2   1
banff-cyxtera-s71-2:847483:847486 [0] NCCL INFO Channel 51/56 :    0   7   5   6   3   1   4   2
banff-cyxtera-s71-2:847483:847486 [0] NCCL INFO Channel 52/56 :    0   5   3   7   1   6   4   2
banff-cyxtera-s71-2:847483:847486 [0] NCCL INFO Channel 53/56 :    0   6   4   7   2   5   1   3
banff-cyxtera-s71-2:847483:847486 [0] NCCL INFO Channel 54/56 :    0   4   7   2   6   1   5   3
banff-cyxtera-s71-2:847483:847486 [0] NCCL INFO Channel 55/56 :    0   5   2   6   3   7   1   4
banff-cyxtera-s71-2:847483:847486 [0] NCCL INFO Trees [0] 1/-1/-1->0->-1 [1] 1/-1/-1->0->-1 [2] 2/-1/-1->0->-1 [3] 2/-1/-1->0->-1 [4] 3/-1/-1->0->-1 [5] 3/-1/-1->0->-1 [6] 4/-1/-1->0->-1 [7] -1/-1/-1->0->1 [8] -1/-1/-1->0->1 [9] -1/-1/-1->0->2 [10] -1/-1/-1->0->2 [11] -1/-1/-1->0->3 [12] -1/-1/-1->0->3 [13] -1/-1/-1->0->4 [14] 1/-1/-1->0->-1 [15] 1/-1/-1->0->-1 [16] 2/-1/-1->0->-1 [17] 2/-1/-1->0->-1 [18] 3/-1/-1->0->-1 [19] 3/-1/-1->0->-1 [20] 4/-1/-1->0->-1 [21] -1/-1/-1->0->1 [22] -1/-1/-1->0->1 [23] -1/-1/-1->0->2 [24] -1/-1/-1->0->2 [25] -1/-1/-1->0->3 [26] -1/-1/-1->0->3 [27] -1/-1/-1->0->4 [28] 1/-1/-1->0->-1 [29] 1/-1/-1->0->-1 [30] 2/-1/-1->0->-1 [31] 2/-1/-1->0->-1 [32] 3/-1/-1->0->-1 [33] 3/-1/-1->0->-1 [34] 4/-1/-1->0->-1 [35] -1/-1/-1->0->1 [36] -1/-1/-1->0->1 [37] -1/-1/-1->0->2 [38] -1/-1/-1->0->2 [39] -1/-1/-1->0->3 [40] -1/-1/-1->0->3 [41] -1/-1/-1->0->4 [42] 1/-1/-1->0->-1 [43] 1/-1/-1->0->-1 [44] 2/-1/-1->0->-1 [45] 2/-1/-1->0->-1 [46] 3/-1/-1->0->-1 [47] 3/-1/-1->0->-1 [48] 4/-1/-1->0->-1         0\Ð¯                 ìÉóï  8       0\Ð¯  M ð  0\Ð¯          0      0  
banff-cyxtera-s71-2:847483:847486 [0] NCCL INFO P2P Chunksize set to 524288
banff-cyxtera-s71-2:847483:847552 [2] NCCL INFO Allocated shareable buffer 0x7fac18400000 size 6291456 ipcDesc 0x7fac14003bd0
banff-cyxtera-s71-2:847483:847552 [2] NCCL INFO Allocated shareable buffer 0x7fac13800000 size 6291456 ipcDesc 0x7fac14003bd0
banff-cyxtera-s71-2:847483:847552 [2] NCCL INFO Allocated shareable buffer 0x7fac13000000 size 6291456 ipcDesc 0x7fac14003bd0
banff-cyxtera-s71-2:847483:847552 [2] NCCL INFO Allocated shareable buffer 0x7fac12800000 size 6291456 ipcDesc 0x7fac14003bd0
banff-cyxtera-s71-2:847483:847552 [2] NCCL INFO Allocated shareable buffer 0x7fac12000000 size 6291456 ipcDesc 0x7fac14003bd0
banff-cyxtera-s71-2:847483:847552 [2] NCCL INFO Allocated shareable buffer 0x7fac11800000 size 6291456 ipcDesc 0x7fac14003bd0
banff-cyxtera-s71-2:847483:847552 [2] NCCL INFO Allocated shareable buffer 0x7fac10800000 size 6291456 ipcDesc 0x7fac14003bd0
banff-cyxtera-s71-2:847483:847551 [3] NCCL INFO Allocated shareable buffer 0x7fac11000000 size 6291456 ipcDesc 0x7fafd8003bd0
banff-cyxtera-s71-2:847483:847552 [2] NCCL INFO Allocated shareable buffer 0x7fabf7800000 size 6291456 ipcDesc 0x7fac14003bd0
banff-cyxtera-s71-2:847483:847488 [2] NCCL INFO Channel 00/0 : 2[2f000] -> 3[50000] via P2P/direct pointer comm 0x7faf80463900 nRanks 08
banff-cyxtera-s71-2:847483:847551 [3] NCCL INFO Allocated shareable buffer 0x7fabf7000000 size 6291456 ipcDesc 0x7fafd8003bd0
banff-cyxtera-s71-2:847483:847552 [2] NCCL INFO Allocated shareable buffer 0x7fac10400000 size 2097152 ipcDesc 0x7fac14003bd0
banff-cyxtera-s71-2:847483:847488 [2] NCCL INFO Channel 01/0 : 2[2f000] -> 3[50000] via P2P/direct pointer comm 0x7faf80463900 nRanks 08
banff-cyxtera-s71-2:847483:847551 [3] NCCL INFO Allocated shareable buffer 0x7fabf6800000 size 6291456 ipcDesc 0x7fafd8003bd0
banff-cyxtera-s71-2:847483:847557 [4] NCCL INFO Allocated shareable buffer 0x7fabf5600000 size 6291456 ipcDesc 0x7fac04003bd0
banff-cyxtera-s71-2:847483:847555 [0] NCCL INFO Allocated shareable buffer 0x7fabf5e00000 size 6291456 ipcDesc 0x7fac00003bd0
banff-cyxtera-s71-2:847483:847552 [2] NCCL INFO Allocated shareable buffer 0x7fabf5200000 size 2097152 ipcDesc 0x7fac14003bd0
banff-cyxtera-s71-2:847483:847488 [2] NCCL INFO Channel 14/0 : 2[2f000] -> 3[50000] via P2P/direct pointer comm 0x7faf80463900 nRanks 08
banff-cyxtera-s71-2:847483:847551 [3] NCCL INFO Allocated shareable buffer 0x7fabf4a00000 size 6291456 ipcDesc 0x7fafd8003bd0
banff-cyxtera-s71-2:847483:847557 [4] NCCL INFO Allocated shareable buffer 0x7fabf4200000 size 6291456 ipcDesc 0x7fac04003bd0
banff-cyxtera-s71-2:847483:847553 [5] NCCL INFO Allocated shareable buffer 0x7fabf3000000 size 6291456 ipcDesc 0x7fac0c003bd0
banff-cyxtera-s71-2:847483:847555 [0] NCCL INFO Allocated shareable buffer 0x7fabf3a00000 size 6291456 ipcDesc 0x7fac00003bd0
banff-cyxtera-s71-2:847483:847552 [2] NCCL INFO Allocated shareable buffer 0x7fabf2c00000 size 2097152 ipcDesc 0x7fac14003bd0
banff-cyxtera-s71-2:847483:847488 [2] NCCL INFO Channel 15/0 : 2[2f000] -> 3[50000] via P2P/direct pointer comm 0x7faf80463900 nRanks 08
banff-cyxtera-s71-2:847483:847554 [7] NCCL INFO Allocated shareable buffer 0x7fabf1c00000 size 6291456 ipcDesc 0x7fac08003bd0
banff-cyxtera-s71-2:847483:847551 [3] NCCL INFO Allocated shareable buffer 0x7fabf2400000 size 6291456 ipcDesc 0x7fafd8003bd0
banff-cyxtera-s71-2:847483:847557 [4] NCCL INFO Allocated shareable buffer 0x7fabf1200000 size 6291456 ipcDesc 0x7fac04003bd0
banff-cyxtera-s71-2:847483:847552 [2] NCCL INFO Allocated shareable buffer 0x7fabf0e00000 size 2097152 ipcDesc 0x7fac14003bd0
banff-cyxtera-s71-2:847483:847488 [2] NCCL INFO Channel 28/0 : 2[2f000] -> 3[50000] via P2P/direct pointer comm 0x7faf80463900 nRanks 08
banff-cyxtera-s71-2:847483:847553 [5] NCCL INFO Allocated shareable buffer 0x7fabefe00000 size 6291456 ipcDesc 0x7fac0c003bd0
banff-cyxtera-s71-2:847483:847555 [0] NCCL INFO Allocated shareable buffer 0x7fabf0600000 size 6291456 ipcDesc 0x7fac00003bd0
banff-cyxtera-s71-2:847483:847551 [3] NCCL INFO Allocated shareable buffer 0x7fabef600000 size 6291456 ipcDesc 0x7fafd8003bd0
banff-cyxtera-s71-2:847483:847554 [7] NCCL INFO Allocated shareable buffer 0x7fabeee00000 size 6291456 ipcDesc 0x7fac08003bd0
banff-cyxtera-s71-2:847483:847557 [4] NCCL INFO Allocated shareable buffer 0x7fabee600000 size 6291456 ipcDesc 0x7fac04003bd0
banff-cyxtera-s71-2:847483:847552 [2] NCCL INFO Allocated shareable buffer 0x7fabee200000 size 2097152 ipcDesc 0x7fac14003bd0
banff-cyxtera-s71-2:847483:847488 [2] NCCL INFO Channel 29/0 : 2[2f000] -> 3[50000] via P2P/direct pointer comm 0x7faf80463900 nRanks 08
banff-cyxtera-s71-2:847483:847553 [5] NCCL INFO Allocated shareable buffer 0x7fabeda00000 size 6291456 ipcDesc 0x7fac0c003bd0
banff-cyxtera-s71-2:847483:847554 [7] NCCL INFO Allocated shareable buffer 0x7fabed200000 size 6291456 ipcDesc 0x7fac08003bd0
banff-cyxtera-s71-2:847483:847555 [0] NCCL INFO Allocated shareable buffer 0x7fabeca00000 size 6291456 ipcDesc 0x7fac00003bd0
banff-cyxtera-s71-2:847483:847551 [3] NCCL INFO Allocated shareable buffer 0x7fabec200000 size 6291456 ipcDesc 0x7fafd8003bd0
banff-cyxtera-s71-2:847483:847557 [4] NCCL INFO Allocated shareable buffer 0x7fabeba00000 size 6291456 ipcDesc 0x7fac04003bd0
banff-cyxtera-s71-2:847483:847553 [5] NCCL INFO Allocated shareable buffer 0x7fabeb200000 size 6291456 ipcDesc 0x7fac0c003bd0
banff-cyxtera-s71-2:847483:847552 [2] NCCL INFO Allocated shareable buffer 0x7fabeae00000 size 2097152 ipcDesc 0x7fac14003bd0
banff-cyxtera-s71-2:847483:847488 [2] NCCL INFO Channel 42/0 : 2[2f000] -> 3[50000] via P2P/direct pointer comm 0x7faf80463900 nRanks 08
banff-cyxtera-s71-2:847483:847555 [0] NCCL INFO Allocated shareable buffer 0x7fabe9e00000 size 6291456 ipcDesc 0x7fac00003bd0
banff-cyxtera-s71-2:847483:847554 [7] NCCL INFO Allocated shareable buffer 0x7fabea600000 size 6291456 ipcDesc 0x7fac08003bd0
banff-cyxtera-s71-2:847483:847551 [3] NCCL INFO Allocated shareable buffer 0x7fabe9600000 size 6291456 ipcDesc 0x7fafd8003bd0
banff-cyxtera-s71-2:847483:847553 [5] NCCL INFO Allocated shareable buffer 0x7fabe8e00000 size 6291456 ipcDesc 0x7fac0c003bd0
banff-cyxtera-s71-2:847483:847489 [3] NCCL INFO Channel 00/0 : 3[50000] -> 4[a1000] via P2P/direct pointer comm 0x7fafa84c5150 nRanks 08
banff-cyxtera-s71-2:847483:847557 [4] NCCL INFO Allocated shareable buffer 0x7fabe8200000 size 6291456 ipcDesc 0x7fac04003bd0
banff-cyxtera-s71-2:847483:847552 [2] NCCL INFO Allocated shareable buffer 0x7fabe8a00000 size 2097152 ipcDesc 0x7fac14003bd0
banff-cyxtera-s71-2:847483:847488 [2] NCCL INFO Channel 43/0 : 2[2f000] -> 3[50000] via P2P/direct pointer comm 0x7faf80463900 nRanks 08
banff-cyxtera-s71-2:847483:847551 [3] NCCL INFO Allocated shareable buffer 0x7fabe7e00000 size 2097152 ipcDesc 0x7fafd8003bd0
banff-cyxtera-s71-2:847483:847489 [3] NCCL INFO Channel 01/0 : 3[50000] -> 4[a1000] via P2P/direct pointer comm 0x7fafa84c5150 nRanks 08
banff-cyxtera-s71-2:847483:847553 [5] NCCL INFO Allocated shareable buffer 0x7fabe7600000 size 6291456 ipcDesc 0x7fac0c003bd0
banff-cyxtera-s71-2:847483:847555 [0] NCCL INFO Allocated shareable buffer 0x7fabe6400000 size 6291456 ipcDesc 0x7fac00003bd0
banff-cyxtera-s71-2:847483:847554 [7] NCCL INFO Allocated shareable buffer 0x7fabe6c00000 size 6291456 ipcDesc 0x7fac08003bd0
banff-cyxtera-s71-2:847483:847557 [4] NCCL INFO Allocated shareable buffer 0x7fabe5400000 size 6291456 ipcDesc 0x7fac04003bd0
banff-cyxtera-s71-2:847483:847558 [1] NCCL INFO Allocated shareable buffer 0x7fabe5c00000 size 6291456 ipcDesc 0x7fabfc003bd0
banff-cyxtera-s71-2:847483:847552 [2] NCCL INFO Allocated shareable buffer 0x7fabe5000000 size 2097152 ipcDesc 0x7fac14003bd0
banff-cyxtera-s71-2:847483:847551 [3] NCCL INFO Allocated shareable buffer 0x7fabe4c00000 size 2097152 ipcDesc 0x7fafd8003bd0
banff-cyxtera-s71-2:847483:847553 [5] NCCL INFO Allocated shareable buffer 0x7fabe3a00000 size 6291456 ipcDesc 0x7fac0c003bd0
banff-cyxtera-s71-2:847483:847554 [7] NCCL INFO Allocated shareable buffer 0x7fabe3200000 size 6291456 ipcDesc 0x7fac08003bd0
banff-cyxtera-s71-2:847483:847489 [3] NCCL INFO Channel 14/0 : 3[50000] -> 4[a1000] via P2P/direct pointer comm 0x7fafa84c5150 nRanks 08
banff-cyxtera-s71-2:847483:847556 [6] NCCL INFO Allocated shareable buffer 0x7fabe4200000 size 6291456 ipcDesc 0x7fabf8003bd0
banff-cyxtera-s71-2:847483:847555 [0] NCCL INFO Allocated shareable buffer 0x7fabe2a00000 size 6291456 ipcDesc 0x7fac00003bd0
banff-cyxtera-s71-2:847483:847557 [4] NCCL INFO Allocated shareable buffer 0x7fabe2200000 size 6291456 ipcDesc 0x7fac04003bd0
banff-cyxtera-s71-2:847483:847490 [4] NCCL INFO Channel 00/0 : 4[a1000] -> 5[ae000] via P2P/direct pointer comm 0x7faf7c463900 nRanks 08
banff-cyxtera-s71-2:847483:847553 [5] NCCL INFO Allocated shareable buffer 0x7fabe1200000 size 6291456 ipcDesc 0x7fac0c003bd0
banff-cyxtera-s71-2:847483:847491 [5] NCCL INFO Channel 00/0 : 5[ae000] -> 6[bb000] via P2P/direct pointer comm 0x7faf684ec810 nRanks 08
banff-cyxtera-s71-2:847483:847551 [3] NCCL INFO Allocated shareable buffer 0x7fabe0e00000 size 2097152 ipcDesc 0x7fafd8003bd0
banff-cyxtera-s71-2:847483:847558 [1] NCCL INFO Allocated shareable buffer 0x7fabe1a00000 size 6291456 ipcDesc 0x7fabfc003bd0
banff-cyxtera-s71-2:847483:847489 [3] NCCL INFO Channel 15/0 : 3[50000] -> 4[a1000] via P2P/direct pointer comm 0x7fafa84c5150 nRanks 08
banff-cyxtera-s71-2:847483:847554 [7] NCCL INFO Allocated shareable buffer 0x7fabe0600000 size 6291456 ipcDesc 0x7fac08003bd0
banff-cyxtera-s71-2:847483:847555 [0] NCCL INFO Allocated shareable buffer 0x7fabdfe00000 size 6291456 ipcDesc 0x7fac00003bd0
banff-cyxtera-s71-2:847483:847486 [0] NCCL INFO Channel 00/0 : 0[13000] -> 1[21000] via P2P/direct pointer comm 0x7fafd05c0430 nRanks 08
banff-cyxtera-s71-2:847483:847556 [6] NCCL INFO Allocated shareable buffer 0x7fabdf600000 size 6291456 ipcDesc 0x7fabf8003bd0
banff-cyxtera-s71-2:847483:847553 [5] NCCL INFO Allocated shareable buffer 0x7fabdea00000 size 2097152 ipcDesc 0x7fac0c003bd0
banff-cyxtera-s71-2:847483:847551 [3] NCCL INFO Allocated shareable buffer 0x7fabdee00000 size 2097152 ipcDesc 0x7fafd8003bd0
banff-cyxtera-s71-2:847483:847557 [4] NCCL INFO Allocated shareable buffer 0x7fabdf200000 size 2097152 ipcDesc 0x7fac04003bd0
banff-cyxtera-s71-2:847483:847491 [5] NCCL INFO Channel 09/0 : 5[ae000] -> 6[bb000] via P2P/direct pointer comm 0x7faf684ec810 nRanks 08
banff-cyxtera-s71-2:847483:847489 [3] NCCL INFO Channel 28/0 : 3[50000] -> 4[a1000] via P2P/direct pointer comm 0x7fafa84c5150 nRanks 08
banff-cyxtera-s71-2:847483:847490 [4] NCCL INFO Channel 01/0 : 4[a1000] -> 5[ae000] via P2P/direct pointer comm 0x7faf7c463900 nRanks 08
banff-cyxtera-s71-2:847483:847554 [7] NCCL INFO Allocated shareable buffer 0x7fabdda00000 size 6291456 ipcDesc 0x7fac08003bd0
banff-cyxtera-s71-2:847483:847493 [7] NCCL INFO Channel 00/0 : 7[d2000] -> 0[13000] via P2P/direct pointer comm 0x7faf703ebe20 nRanks 08
banff-cyxtera-s71-2:847483:847558 [1] NCCL INFO Allocated shareable buffer 0x7fabde200000 size 6291456 ipcDesc 0x7fabfc003bd0
banff-cyxtera-s71-2:847483:847555 [0] NCCL INFO Allocated shareable buffer 0x7fabdd600000 size 2097152 ipcDesc 0x7fac00003bd0
banff-cyxtera-s71-2:847483:847553 [5] NCCL INFO Allocated shareable buffer 0x7fabdd200000 size 2097152 ipcDesc 0x7fac0c003bd0
banff-cyxtera-s71-2:847483:847486 [0] NCCL INFO Channel 01/0 : 0[13000] -> 1[21000] via P2P/direct pointer comm 0x7fafd05c0430 nRanks 08
banff-cyxtera-s71-2:847483:847491 [5] NCCL INFO Channel 14/0 : 5[ae000] -> 6[bb000] via P2P/direct pointer comm 0x7faf684ec810 nRanks 08
banff-cyxtera-s71-2:847483:847557 [4] NCCL INFO Allocated shareable buffer 0x7fabdca00000 size 2097152 ipcDesc 0x7fac04003bd0
banff-cyxtera-s71-2:847483:847551 [3] NCCL INFO Allocated shareable buffer 0x7fabdce00000 size 2097152 ipcDesc 0x7fafd8003bd0
banff-cyxtera-s71-2:847483:847490 [4] NCCL INFO Channel 14/0 : 4[a1000] -> 5[ae000] via P2P/direct pointer comm 0x7faf7c463900 nRanks 08
banff-cyxtera-s71-2:847483:847489 [3] NCCL INFO Channel 29/0 : 3[50000] -> 4[a1000] via P2P/direct pointer comm 0x7fafa84c5150 nRanks 08
banff-cyxtera-s71-2:847483:847554 [7] NCCL INFO Allocated shareable buffer 0x7fabdb600000 size 2097152 ipcDesc 0x7fac08003bd0
banff-cyxtera-s71-2:847483:847493 [7] NCCL INFO Channel 02/0 : 7[d2000] -> 0[13000] via P2P/direct pointer comm 0x7faf703ebe20 nRanks 08
banff-cyxtera-s71-2:847483:847558 [1] NCCL INFO Allocated shareable buffer 0x7fabdc200000 size 6291456 ipcDesc 0x7fabfc003bd0
banff-cyxtera-s71-2:847483:847556 [6] NCCL INFO Allocated shareable buffer 0x7fabdba00000 size 6291456 ipcDesc 0x7fabf8003bd0
banff-cyxtera-s71-2:847483:847555 [0] NCCL INFO Allocated shareable buffer 0x7fabdae00000 size 2097152 ipcDesc 0x7fac00003bd0
banff-cyxtera-s71-2:847483:847551 [3] NCCL INFO Allocated shareable buffer 0x7fabdaa00000 size 2097152 ipcDesc 0x7fafd8003bd0
banff-cyxtera-s71-2:847483:847486 [0] NCCL INFO Channel 14/0 : 0[13000] -> 1[21000] via P2P/direct pointer comm 0x7fafd05c0430 nRanks 08
banff-cyxtera-s71-2:847483:847489 [3] NCCL INFO Channel 42/0 : 3[50000] -> 4[a1000] via P2P/direct pointer comm 0x7fafa84c5150 nRanks 08
banff-cyxtera-s71-2:847483:847553 [5] NCCL INFO Allocated shareable buffer 0x7fabdb200000 size 2097152 ipcDesc 0x7fac0c003bd0
banff-cyxtera-s71-2:847483:847491 [5] NCCL INFO Channel 23/0 : 5[ae000] -> 6[bb000] via P2P/direct pointer comm 0x7faf684ec810 nRanks 08
banff-cyxtera-s71-2:847483:847557 [4] NCCL INFO Allocated shareable buffer 0x7fabda600000 size 2097152 ipcDesc 0x7fac04003bd0
banff-cyxtera-s71-2:847483:847490 [4] NCCL INFO Channel 15/0 : 4[a1000] -> 5[ae000] via P2P/direct pointer comm 0x7faf7c463900 nRanks 08
banff-cyxtera-s71-2:847483:847554 [7] NCCL INFO Allocated shareable buffer 0x7fabd9a00000 size 2097152 ipcDesc 0x7fac08003bd0
banff-cyxtera-s71-2:847483:847493 [7] NCCL INFO Channel 14/0 : 7[d2000] -> 0[13000] via P2P/direct pointer comm 0x7faf703ebe20 nRanks 08
banff-cyxtera-s71-2:847483:847558 [1] NCCL INFO Allocated shareable buffer 0x7fabd9e00000 size 6291456 ipcDesc 0x7fabfc003bd0
banff-cyxtera-s71-2:847483:847551 [3] NCCL INFO Allocated shareable buffer 0x7fabd8e00000 size 2097152 ipcDesc 0x7fafd8003bd0
banff-cyxtera-s71-2:847483:847489 [3] NCCL INFO Channel 43/0 : 3[50000] -> 4[a1000] via P2P/direct pointer comm 0x7fafa84c5150 nRanks 08
banff-cyxtera-s71-2:847483:847553 [5] NCCL INFO Allocated shareable buffer 0x7fabd8a00000 size 2097152 ipcDesc 0x7fac0c003bd0
banff-cyxtera-s71-2:847483:847556 [6] NCCL INFO Allocated shareable buffer 0x7fabd9200000 size 6291456 ipcDesc 0x7fabf8003bd0
banff-cyxtera-s71-2:847483:847491 [5] NCCL INFO Channel 28/0 : 5[ae000] -> 6[bb000] via P2P/direct pointer comm 0x7faf684ec810 nRanks 08
banff-cyxtera-s71-2:847483:847555 [0] NCCL INFO Allocated shareable buffer 0x7fabd8600000 size 2097152 ipcDesc 0x7fac00003bd0
banff-cyxtera-s71-2:847483:847486 [0] NCCL INFO Channel 15/0 : 0[13000] -> 1[21000] via P2P/direct pointer comm 0x7fafd05c0430 nRanks 08
banff-cyxtera-s71-2:847483:847557 [4] NCCL INFO Allocated shareable buffer 0x7fabd8200000 size 2097152 ipcDesc 0x7fac04003bd0
banff-cyxtera-s71-2:847483:847558 [1] NCCL INFO Allocated shareable buffer 0x7fabd7a00000 size 6291456 ipcDesc 0x7fabfc003bd0
banff-cyxtera-s71-2:847483:847554 [7] NCCL INFO Allocated shareable buffer 0x7fabd7600000 size 2097152 ipcDesc 0x7fac08003bd0
banff-cyxtera-s71-2:847483:847490 [4] NCCL INFO Channel 28/0 : 4[a1000] -> 5[ae000] via P2P/direct pointer comm 0x7faf7c463900 nRanks 08
banff-cyxtera-s71-2:847483:847493 [7] NCCL INFO Channel 16/0 : 7[d2000] -> 0[13000] via P2P/direct pointer comm 0x7faf703ebe20 nRanks 08
banff-cyxtera-s71-2:847483:847551 [3] NCCL INFO Allocated shareable buffer 0x7fabd7200000 size 2097152 ipcDesc 0x7fafd8003bd0
banff-cyxtera-s71-2:847483:847553 [5] NCCL INFO Allocated shareable buffer 0x7fabd6e00000 size 2097152 ipcDesc 0x7fac0c003bd0
banff-cyxtera-s71-2:847483:847491 [5] NCCL INFO Channel 37/0 : 5[ae000] -> 6[bb000] via P2P/direct pointer comm 0x7faf684ec810 nRanks 08
banff-cyxtera-s71-2:847483:847556 [6] NCCL INFO Allocated shareable buffer 0x7fabd6600000 size 6291456 ipcDesc 0x7fabf8003bd0
banff-cyxtera-s71-2:847483:847555 [0] NCCL INFO Allocated shareable buffer 0x7fabd6200000 size 2097152 ipcDesc 0x7fac00003bd0
banff-cyxtera-s71-2:847483:847486 [0] NCCL INFO Channel 28/0 : 0[13000] -> 1[21000] via P2P/direct pointer comm 0x7fafd05c0430 nRanks 08
banff-cyxtera-s71-2:847483:847558 [1] NCCL INFO Allocated shareable buffer 0x7fabd5a00000 size 6291456 ipcDesc 0x7fabfc003bd0
banff-cyxtera-s71-2:847483:847557 [4] NCCL INFO Allocated shareable buffer 0x7fabd5600000 size 2097152 ipcDesc 0x7fac04003bd0
banff-cyxtera-s71-2:847483:847553 [5] NCCL INFO Allocated shareable buffer 0x7fabd4e00000 size 2097152 ipcDesc 0x7fac0c003bd0
banff-cyxtera-s71-2:847483:847491 [5] NCCL INFO Channel 42/0 : 5[ae000] -> 6[bb000] via P2P/direct pointer comm 0x7faf684ec810 nRanks 08
banff-cyxtera-s71-2:847483:847490 [4] NCCL INFO Channel 29/0 : 4[a1000] -> 5[ae000] via P2P/direct pointer comm 0x7faf7c463900 nRanks 08
banff-cyxtera-s71-2:847483:847554 [7] NCCL INFO Allocated shareable buffer 0x7fabd5200000 size 2097152 ipcDesc 0x7fac08003bd0
banff-cyxtera-s71-2:847483:847493 [7] NCCL INFO Channel 28/0 : 7[d2000] -> 0[13000] via P2P/direct pointer comm 0x7faf703ebe20 nRanks 08
banff-cyxtera-s71-2:847483:847558 [1] NCCL INFO Allocated shareable buffer 0x7fabd3a00000 size 6291456 ipcDesc 0x7fabfc003bd0
banff-cyxtera-s71-2:847483:847553 [5] NCCL INFO Allocated shareable buffer 0x7fabd3600000 size 2097152 ipcDesc 0x7fac0c003bd0
banff-cyxtera-s71-2:847483:847556 [6] NCCL INFO Allocated shareable buffer 0x7fabd4200000 size 6291456 ipcDesc 0x7fabf8003bd0
banff-cyxtera-s71-2:847483:847487 [1] NCCL INFO Channel 00/0 : 1[21000] -> 2[2f000] via P2P/direct pointer comm 0x7faf783f9330 nRanks 08
banff-cyxtera-s71-2:847483:847491 [5] NCCL INFO Channel 51/0 : 5[ae000] -> 6[bb000] via P2P/direct pointer comm 0x7faf684ec810 nRanks 08
banff-cyxtera-s71-2:847483:847555 [0] NCCL INFO Allocated shareable buffer 0x7fabd4a00000 size 2097152 ipcDesc 0x7fac00003bd0
banff-cyxtera-s71-2:847483:847486 [0] NCCL INFO Channel 29/0 : 0[13000] -> 1[21000] via P2P/direct pointer comm 0x7fafd05c0430 nRanks 08
banff-cyxtera-s71-2:847483:847554 [7] NCCL INFO Allocated shareable buffer 0x7fabd2e00000 size 2097152 ipcDesc 0x7fac08003bd0
banff-cyxtera-s71-2:847483:847493 [7] NCCL INFO Channel 30/0 : 7[d2000] -> 0[13000] via P2P/direct pointer comm 0x7faf703ebe20 nRanks 08
banff-cyxtera-s71-2:847483:847557 [4] NCCL INFO Allocated shareable buffer 0x7fabd3200000 size 2097152 ipcDesc 0x7fac04003bd0
banff-cyxtera-s71-2:847483:847490 [4] NCCL INFO Channel 42/0 : 4[a1000] -> 5[ae000] via P2P/direct pointer comm 0x7faf7c463900 nRanks 08
banff-cyxtera-s71-2:847483:847558 [1] NCCL INFO Allocated shareable buffer 0x7fabd2a00000 size 2097152 ipcDesc 0x7fabfc003bd0
banff-cyxtera-s71-2:847483:847487 [1] NCCL INFO Channel 01/0 : 1[21000] -> 2[2f000] via P2P/direct pointer comm 0x7faf783f9330 nRanks 08
banff-cyxtera-s71-2:847483:847553 [5] NCCL INFO Allocated shareable buffer 0x7fabd2600000 size 2097152 ipcDesc 0x7fac0c003bd0
banff-cyxtera-s71-2:847483:847555 [0] NCCL INFO Allocated shareable buffer 0x7fabd1a00000 size 2097152 ipcDesc 0x7fac00003bd0
banff-cyxtera-s71-2:847483:847554 [7] NCCL INFO Allocated shareable buffer 0x7fabd1600000 size 2097152 ipcDesc 0x7fac08003bd0
banff-cyxtera-s71-2:847483:847556 [6] NCCL INFO Allocated shareable buffer 0x7fabd1e00000 size 6291456 ipcDesc 0x7fabf8003bd0
banff-cyxtera-s71-2:847483:847486 [0] NCCL INFO Channel 42/0 : 0[13000] -> 1[21000] via P2P/direct pointer comm 0x7fafd05c0430 nRanks 08
banff-cyxtera-s71-2:847483:847493 [7] NCCL INFO Channel 42/0 : 7[d2000] -> 0[13000] via P2P/direct pointer comm 0x7faf703ebe20 nRanks 08
banff-cyxtera-s71-2:847483:847557 [4] NCCL INFO Allocated shareable buffer 0x7fabd1200000 size 2097152 ipcDesc 0x7fac04003bd0
banff-cyxtera-s71-2:847483:847558 [1] NCCL INFO Allocated shareable buffer 0x7fabd0e00000 size 2097152 ipcDesc 0x7fabfc003bd0
banff-cyxtera-s71-2:847483:847490 [4] NCCL INFO Channel 43/0 : 4[a1000] -> 5[ae000] via P2P/direct pointer comm 0x7faf7c463900 nRanks 08
banff-cyxtera-s71-2:847483:847487 [1] NCCL INFO Channel 14/0 : 1[21000] -> 2[2f000] via P2P/direct pointer comm 0x7faf783f9330 nRanks 08
banff-cyxtera-s71-2:847483:847555 [0] NCCL INFO Allocated shareable buffer 0x7fabd0a00000 size 2097152 ipcDesc 0x7fac00003bd0
banff-cyxtera-s71-2:847483:847486 [0] NCCL INFO Channel 43/0 : 0[13000] -> 1[21000] via P2P/direct pointer comm 0x7fafd05c0430 nRanks 08
banff-cyxtera-s71-2:847483:847554 [7] NCCL INFO Allocated shareable buffer 0x7fabd0600000 size 2097152 ipcDesc 0x7fac08003bd0
banff-cyxtera-s71-2:847483:847556 [6] NCCL INFO Allocated shareable buffer 0x7fabcfe00000 size 6291456 ipcDesc 0x7fabf8003bd0
banff-cyxtera-s71-2:847483:847493 [7] NCCL INFO Channel 44/0 : 7[d2000] -> 0[13000] via P2P/direct pointer comm 0x7faf703ebe20 nRanks 08
banff-cyxtera-s71-2:847483:847492 [6] NCCL INFO Channel 00/0 : 6[bb000] -> 7[d2000] via P2P/direct pointer comm 0x7faf6c32d3c0 nRanks 08
banff-cyxtera-s71-2:847483:847558 [1] NCCL INFO Allocated shareable buffer 0x7fabcfa00000 size 2097152 ipcDesc 0x7fabfc003bd0
banff-cyxtera-s71-2:847483:847487 [1] NCCL INFO Channel 15/0 : 1[21000] -> 2[2f000] via P2P/direct pointer comm 0x7faf783f9330 nRanks 08
banff-cyxtera-s71-2:847483:847557 [4] NCCL INFO Allocated shareable buffer 0x7fabcf600000 size 2097152 ipcDesc 0x7fac04003bd0
banff-cyxtera-s71-2:847483:847555 [0] NCCL INFO Allocated shareable buffer 0x7fabcf200000 size 2097152 ipcDesc 0x7fac00003bd0
banff-cyxtera-s71-2:847483:847556 [6] NCCL INFO Allocated shareable buffer 0x7fabcea00000 size 2097152 ipcDesc 0x7fabf8003bd0
banff-cyxtera-s71-2:847483:847554 [7] NCCL INFO Allocated shareable buffer 0x7fabcee00000 size 2097152 ipcDesc 0x7fac08003bd0
banff-cyxtera-s71-2:847483:847492 [6] NCCL INFO Channel 08/0 : 6[bb000] -> 7[d2000] via P2P/direct pointer comm 0x7faf6c32d3c0 nRanks 08
banff-cyxtera-s71-2:847483:847558 [1] NCCL INFO Allocated shareable buffer 0x7fabce600000 size 2097152 ipcDesc 0x7fabfc003bd0
banff-cyxtera-s71-2:847483:847557 [4] NCCL INFO Allocated shareable buffer 0x7fabcde00000 size 6291456 ipcDesc 0x7fac04003bd0
banff-cyxtera-s71-2:847483:847487 [1] NCCL INFO Channel 28/0 : 1[21000] -> 2[2f000] via P2P/direct pointer comm 0x7faf783f9330 nRanks 08
banff-cyxtera-s71-2:847483:847551 [3] NCCL INFO Allocated shareable buffer 0x7fabcd600000 size 6291456 ipcDesc 0x7fafd8003bd0
banff-cyxtera-s71-2:847483:847556 [6] NCCL INFO Allocated shareable buffer 0x7fabcd200000 size 2097152 ipcDesc 0x7fabf8003bd0
banff-cyxtera-s71-2:847483:847492 [6] NCCL INFO Channel 14/0 : 6[bb000] -> 7[d2000] via P2P/direct pointer comm 0x7faf6c32d3c0 nRanks 08
banff-cyxtera-s71-2:847483:847558 [1] NCCL INFO Allocated shareable buffer 0x7fabcce00000 size 2097152 ipcDesc 0x7fabfc003bd0
banff-cyxtera-s71-2:847483:847487 [1] NCCL INFO Channel 29/0 : 1[21000] -> 2[2f000] via P2P/direct pointer comm 0x7faf783f9330 nRanks 08
banff-cyxtera-s71-2:847483:847557 [4] NCCL INFO Allocated shareable buffer 0x7fabcc600000 size 6291456 ipcDesc 0x7fac04003bd0
banff-cyxtera-s71-2:847483:847556 [6] NCCL INFO Allocated shareable buffer 0x7fabcc200000 size 2097152 ipcDesc 0x7fabf8003bd0
banff-cyxtera-s71-2:847483:847558 [1] NCCL INFO Allocated shareable buffer 0x7fabcb600000 size 2097152 ipcDesc 0x7fabfc003bd0
banff-cyxtera-s71-2:847483:847487 [1] NCCL INFO Channel 42/0 : 1[21000] -> 2[2f000] via P2P/direct pointer comm 0x7faf783f9330 nRanks 08
banff-cyxtera-s71-2:847483:847492 [6] NCCL INFO Channel 22/0 : 6[bb000] -> 7[d2000] via P2P/direct pointer comm 0x7faf6c32d3c0 nRanks 08
banff-cyxtera-s71-2:847483:847551 [3] NCCL INFO Allocated shareable buffer 0x7fabcba00000 size 6291456 ipcDesc 0x7fafd8003bd0
banff-cyxtera-s71-2:847483:847557 [4] NCCL INFO Allocated shareable buffer 0x7fabcae00000 size 6291456 ipcDesc 0x7fac04003bd0
banff-cyxtera-s71-2:847483:847558 [1] NCCL INFO Allocated shareable buffer 0x7fabca600000 size 2097152 ipcDesc 0x7fabfc003bd0
banff-cyxtera-s71-2:847483:847487 [1] NCCL INFO Channel 43/0 : 1[21000] -> 2[2f000] via P2P/direct pointer comm 0x7faf783f9330 nRanks 08
banff-cyxtera-s71-2:847483:847556 [6] NCCL INFO Allocated shareable buffer 0x7fabcaa00000 size 2097152 ipcDesc 0x7fabf8003bd0
banff-cyxtera-s71-2:847483:847551 [3] NCCL INFO Allocated shareable buffer 0x7fabc9e00000 size 6291456 ipcDesc 0x7fafd8003bd0
banff-cyxtera-s71-2:847483:847492 [6] NCCL INFO Channel 28/0 : 6[bb000] -> 7[d2000] via P2P/direct pointer comm 0x7faf6c32d3c0 nRanks 08
banff-cyxtera-s71-2:847483:847557 [4] NCCL INFO Allocated shareable buffer 0x7fabc9600000 size 6291456 ipcDesc 0x7fac04003bd0
banff-cyxtera-s71-2:847483:847558 [1] NCCL INFO Allocated shareable buffer 0x7fabc9200000 size 2097152 ipcDesc 0x7fabfc003bd0
banff-cyxtera-s71-2:847483:847551 [3] NCCL INFO Allocated shareable buffer 0x7fabc8a00000 size 6291456 ipcDesc 0x7fafd8003bd0
banff-cyxtera-s71-2:847483:847556 [6] NCCL INFO Allocated shareable buffer 0x7fabc8600000 size 2097152 ipcDesc 0x7fabf8003bd0
banff-cyxtera-s71-2:847483:847492 [6] NCCL INFO Channel 36/0 : 6[bb000] -> 7[d2000] via P2P/direct pointer comm 0x7faf6c32d3c0 nRanks 08
banff-cyxtera-s71-2:847483:847555 [0] NCCL INFO Allocated shareable buffer 0x7fabc7600000 size 6291456 ipcDesc 0x7fac00003bd0
banff-cyxtera-s71-2:847483:847558 [1] NCCL INFO Allocated shareable buffer 0x7fabc6e00000 size 6291456 ipcDesc 0x7fabfc003bd0
banff-cyxtera-s71-2:847483:847556 [6] NCCL INFO Allocated shareable buffer 0x7fabc6a00000 size 2097152 ipcDesc 0x7fabf8003bd0
banff-cyxtera-s71-2:847483:847557 [4] NCCL INFO Allocated shareable buffer 0x7fabc7e00000 size 6291456 ipcDesc 0x7fac04003bd0
banff-cyxtera-s71-2:847483:847492 [6] NCCL INFO Channel 42/0 : 6[bb000] -> 7[d2000] via P2P/direct pointer comm 0x7faf6c32d3c0 nRanks 08
banff-cyxtera-s71-2:847483:847552 [2] NCCL INFO Allocated shareable buffer 0x7fabc6200000 size 6291456 ipcDesc 0x7fac14003bd0
